R1/R2: {"R1_roundtrip_px": 1.8189894035458565e-12, "R2_z_err": 5.329070518200751e-15, "R2_theta_err": 4.440892098500626e-16}
20/100  ok=20 dropped=0  169s
40/100  ok=39 dropped=1  397s
60/100  ok=59 dropped=1  528s
80/100  ok=79 dropped=1  684s
100/100  ok=95 dropped=5  898s
{
  "requested": 100,
  "shipped": 95,
  "dropped": 5,
  "seed": 20260904,
  "profile": "pilot",
  "geometry": {
    "R1_roundtrip_px": 1.8189894035458565e-12,
    "R2_z_err": 5.329070518200751e-15,
    "R2_theta_err": 4.440892098500626e-16
  },
  "runtime_s": 899.5,
  "supersample": 3
}
